// Jest Snapshot v1, https://goo.gl/fbAQLP

exports[`formatMoney 1000 EUR 1`] = `
Object {
  "af": "€1 000,00",
  "af-NA": "€1 000,00",
  "af-ZA": "€1 000,00",
  "agq": "1 000,00€",
  "agq-CM": "1 000,00€",
  "ak": "€1,000.00",
  "ak-GH": "€1,000.00",
  "am": "€1,000.00",
  "am-ET": "€1,000.00",
  "ar": "€ 1,000.00",
  "ar-001": "€ 1,000.00",
  "ar-AE": "€ 1,000.00",
  "ar-BH": "€ 1,000.00",
  "ar-DJ": "€ 1,000.00",
  "ar-DZ": "€ 1.000,00",
  "ar-EG": "€ 1,000.00",
  "ar-EH": "€ 1,000.00",
  "ar-ER": "€ 1,000.00",
  "ar-IL": "€ 1,000.00",
  "ar-IQ": "€ 1,000.00",
  "ar-JO": "€ 1,000.00",
  "ar-KM": "€ 1,000.00",
  "ar-KW": "€ 1,000.00",
  "ar-LB": "€ 1.000,00",
  "ar-LY": "€ 1.000,00",
  "ar-MA": "€ 1.000,00",
  "ar-MR": "€ 1.000,00",
  "ar-OM": "€ 1,000.00",
  "ar-PS": "€ 1,000.00",
  "ar-QA": "€ 1,000.00",
  "ar-SA": "€ 1,000.00",
  "ar-SD": "€ 1,000.00",
  "ar-SO": "€ 1,000.00",
  "ar-SS": "€ 1,000.00",
  "ar-SY": "€ 1,000.00",
  "ar-TD": "€ 1,000.00",
  "ar-TN": "€ 1.000,00",
  "ar-YE": "€ 1,000.00",
  "as": "€ 1,000.00",
  "as-IN": "€ 1,000.00",
  "asa": "1,000.00 €",
  "asa-TZ": "1,000.00 €",
  "ast": "1.000,00 €",
  "ast-ES": "1.000,00 €",
  "az": "€ 1.000,00",
  "az-Arab": "€ 1,000.00",
  "az-Cyrl": "€ 1.000,00",
  "az-Cyrl-AZ": "€ 1.000,00",
  "az-Latn": "€ 1.000,00",
  "az-Latn-AZ": "€ 1.000,00",
  "bas": "1 000,00 €",
  "bas-CM": "1 000,00 €",
  "be": "1 000,00 €",
  "be-BY": "1 000,00 €",
  "bem": "€1,000.00",
  "bem-ZM": "€1,000.00",
  "bez": "1,000.00€",
  "bez-TZ": "1,000.00€",
  "bg": "1 000,00 €",
  "bg-BG": "1 000,00 €",
  "bm": "€1,000.00",
  "bm-ML": "€1,000.00",
  "bm-Nkoo": "€ 1,000.00",
  "bn": "1,000.00€",
  "bn-BD": "1,000.00€",
  "bn-IN": "1,000.00€",
  "bo": "€ 1,000.00",
  "bo-CN": "€ 1,000.00",
  "bo-IN": "€ 1,000.00",
  "br": "1 000,00 €",
  "br-FR": "1 000,00 €",
  "brx": "€ 1,000.00",
  "brx-IN": "€ 1,000.00",
  "bs": "1.000,00 €",
  "bs-Cyrl": "1.000,00 €",
  "bs-Cyrl-BA": "1.000,00 €",
  "bs-Latn": "1.000,00 €",
  "bs-Latn-BA": "1.000,00 €",
  "ca": "1.000,00 €",
  "ca-AD": "1.000,00 €",
  "ca-ES": "1.000,00 €",
  "ca-ES-VALENCIA": "1.000,00 €",
  "ca-FR": "1.000,00 €",
  "ca-IT": "1.000,00 €",
  "ce": "1,000.00 €",
  "ce-RU": "1,000.00 €",
  "cgg": "€1,000.00",
  "cgg-UG": "€1,000.00",
  "chr": "€1,000.00",
  "chr-US": "€1,000.00",
  "ckb": "€ 1,000.00",
  "ckb-IQ": "€ 1,000.00",
  "ckb-IR": "€ 1,000.00",
  "cs": "1 000,00 €",
  "cs-CZ": "1 000,00 €",
  "cu": "€ 1,000.00",
  "cu-RU": "€ 1,000.00",
  "cy": "€1,000.00",
  "cy-GB": "€1,000.00",
  "da": "1.000,00 €",
  "da-DK": "1.000,00 €",
  "da-GL": "1.000,00 €",
  "dav": "€1,000.00",
  "dav-KE": "€1,000.00",
  "de": "1.000,00 €",
  "de-AT": "€ 1 000,00",
  "de-BE": "1.000,00 €",
  "de-CH": "EUR 1'000.00",
  "de-DE": "1.000,00 €",
  "de-LI": "EUR 1'000.00",
  "de-LU": "1.000,00 €",
  "dje": "1 000.00€",
  "dje-NE": "1 000.00€",
  "dsb": "1.000,00 €",
  "dsb-DE": "1.000,00 €",
  "dua": "1 000,00 €",
  "dua-CM": "1 000,00 €",
  "dyo": "1 000,00 €",
  "dyo-SN": "1 000,00 €",
  "dz": "€1,000.00",
  "dz-BT": "€1,000.00",
  "ebu": "€1,000.00",
  "ebu-KE": "€1,000.00",
  "ee": "€1,000.00",
  "ee-GH": "€1,000.00",
  "ee-TG": "€1,000.00",
  "el": "1.000,00 €",
  "el-CY": "1.000,00 €",
  "el-GR": "1.000,00 €",
  "en": "€1,000.00",
  "en-001": "€1,000.00",
  "en-150": "1.000,00 €",
  "en-AG": "€1,000.00",
  "en-AI": "€1,000.00",
  "en-AS": "€1,000.00",
  "en-AT": "€ 1.000,00",
  "en-AU": "EUR1,000.00",
  "en-BB": "€1,000.00",
  "en-BE": "1.000,00 €",
  "en-BI": "€1,000.00",
  "en-BM": "€1,000.00",
  "en-BS": "€1,000.00",
  "en-BW": "€1,000.00",
  "en-BZ": "€1,000.00",
  "en-CA": "€1,000.00",
  "en-CC": "€1,000.00",
  "en-CH": "€ 1.000,00",
  "en-CK": "€1,000.00",
  "en-CM": "€1,000.00",
  "en-CX": "€1,000.00",
  "en-CY": "€1,000.00",
  "en-DE": "1.000,00 €",
  "en-DG": "€1,000.00",
  "en-DK": "1.000,00 €",
  "en-DM": "€1,000.00",
  "en-Dsrt": "€ 1,000.00",
  "en-ER": "€1,000.00",
  "en-FI": "1 000,00 €",
  "en-FJ": "€1,000.00",
  "en-FK": "€1,000.00",
  "en-FM": "€1,000.00",
  "en-GB": "€1,000.00",
  "en-GD": "€1,000.00",
  "en-GG": "€1,000.00",
  "en-GH": "€1,000.00",
  "en-GI": "€1,000.00",
  "en-GM": "€1,000.00",
  "en-GU": "€1,000.00",
  "en-GY": "€1,000.00",
  "en-HK": "€1,000.00",
  "en-IE": "€1,000.00",
  "en-IL": "€1,000.00",
  "en-IM": "€1,000.00",
  "en-IN": "€ 1,000.00",
  "en-IO": "€1,000.00",
  "en-JE": "€1,000.00",
  "en-JM": "€1,000.00",
  "en-KE": "€1,000.00",
  "en-KI": "€1,000.00",
  "en-KN": "€1,000.00",
  "en-KY": "€1,000.00",
  "en-LC": "€1,000.00",
  "en-LR": "€1,000.00",
  "en-LS": "€1,000.00",
  "en-MG": "€1,000.00",
  "en-MH": "€1,000.00",
  "en-MO": "€1,000.00",
  "en-MP": "€1,000.00",
  "en-MS": "€1,000.00",
  "en-MT": "€1,000.00",
  "en-MU": "€1,000.00",
  "en-MW": "€1,000.00",
  "en-MY": "€1,000.00",
  "en-NA": "€1,000.00",
  "en-NF": "€1,000.00",
  "en-NG": "€1,000.00",
  "en-NL": "€ 1.000,00",
  "en-NR": "€1,000.00",
  "en-NU": "€1,000.00",
  "en-NZ": "€1,000.00",
  "en-PG": "€1,000.00",
  "en-PH": "€1,000.00",
  "en-PK": "€1,000.00",
  "en-PN": "€1,000.00",
  "en-PR": "€1,000.00",
  "en-PW": "€1,000.00",
  "en-RW": "€1,000.00",
  "en-SB": "€1,000.00",
  "en-SC": "€1,000.00",
  "en-SD": "€1,000.00",
  "en-SE": "1 000,00 €",
  "en-SG": "€1,000.00",
  "en-SH": "€1,000.00",
  "en-SI": "1.000,00 €",
  "en-SL": "€1,000.00",
  "en-SS": "€1,000.00",
  "en-SX": "€1,000.00",
  "en-SZ": "€1,000.00",
  "en-Shaw": "€ 1,000.00",
  "en-TC": "€1,000.00",
  "en-TK": "€1,000.00",
  "en-TO": "€1,000.00",
  "en-TT": "€1,000.00",
  "en-TV": "€1,000.00",
  "en-TZ": "€1,000.00",
  "en-UG": "€1,000.00",
  "en-UM": "€1,000.00",
  "en-US": "€1,000.00",
  "en-VC": "€1,000.00",
  "en-VG": "€1,000.00",
  "en-VI": "€1,000.00",
  "en-VU": "€1,000.00",
  "en-WS": "€1,000.00",
  "en-ZA": "€1 000,00",
  "en-ZM": "€1,000.00",
  "en-ZW": "€1,000.00",
  "eo": "€ 1 000,00",
  "eo-001": "€ 1 000,00",
  "es": "1.000,00 €",
  "es-419": "EUR1,000.00",
  "es-AR": "EUR 1.000,00",
  "es-BO": "EUR1.000,00",
  "es-BR": "EUR1,000.00",
  "es-CL": "EUR1.000,00",
  "es-CO": "EUR 1.000,00",
  "es-CR": "EUR1 000,00",
  "es-CU": "EUR1,000.00",
  "es-DO": "EUR1,000.00",
  "es-EA": "1.000,00 €",
  "es-EC": "EUR1.000,00",
  "es-ES": "1.000,00 €",
  "es-GQ": "€1.000,00",
  "es-GT": "EUR1,000.00",
  "es-HN": "EUR1,000.00",
  "es-IC": "1.000,00 €",
  "es-MX": "EUR1,000.00",
  "es-NI": "EUR1,000.00",
  "es-PA": "EUR1,000.00",
  "es-PE": "EUR1,000.00",
  "es-PH": "1.000,00 €",
  "es-PR": "EUR1,000.00",
  "es-PY": "EUR 1.000,00",
  "es-SV": "EUR1,000.00",
  "es-US": "EUR1,000.00",
  "es-UY": "EUR 1.000,00",
  "es-VE": "EUR1.000,00",
  "et": "1 000,00 €",
  "et-EE": "1 000,00 €",
  "eu": "1.000,00 €",
  "eu-ES": "1.000,00 €",
  "ewo": "1 000,00 €",
  "ewo-CM": "1 000,00 €",
  "fa": "‎€1,000.00",
  "fa-AF": "‎€1,000.00",
  "fa-IR": "‎€1,000.00",
  "ff": "1 000,00 €",
  "ff-CM": "1 000,00 €",
  "ff-GN": "1 000,00 €",
  "ff-MR": "1 000,00 €",
  "ff-SN": "1 000,00 €",
  "fi": "1 000,00 €",
  "fi-FI": "1 000,00 €",
  "fil": "€1,000.00",
  "fil-PH": "€1,000.00",
  "fo": "1.000,00 €",
  "fo-DK": "1.000,00 €",
  "fo-FO": "1.000,00 €",
  "fr": "1 000,00 €",
  "fr-BE": "1.000,00 €",
  "fr-BF": "1 000,00 €",
  "fr-BI": "1 000,00 €",
  "fr-BJ": "1 000,00 €",
  "fr-BL": "1 000,00 €",
  "fr-CA": "1 000,00 €",
  "fr-CD": "1 000,00 €",
  "fr-CF": "1 000,00 €",
  "fr-CG": "1 000,00 €",
  "fr-CH": "€ 1 000.00",
  "fr-CI": "1 000,00 €",
  "fr-CM": "1 000,00 €",
  "fr-DJ": "1 000,00 €",
  "fr-DZ": "1 000,00 €",
  "fr-FR": "1 000,00 €",
  "fr-GA": "1 000,00 €",
  "fr-GF": "1 000,00 €",
  "fr-GN": "1 000,00 €",
  "fr-GP": "1 000,00 €",
  "fr-GQ": "1 000,00 €",
  "fr-HT": "1 000,00 €",
  "fr-KM": "1 000,00 €",
  "fr-LU": "1.000,00 €",
  "fr-MA": "1.000,00 €",
  "fr-MC": "1 000,00 €",
  "fr-MF": "1 000,00 €",
  "fr-MG": "1 000,00 €",
  "fr-ML": "1 000,00 €",
  "fr-MQ": "1 000,00 €",
  "fr-MR": "1 000,00 €",
  "fr-MU": "1 000,00 €",
  "fr-NC": "1 000,00 €",
  "fr-NE": "1 000,00 €",
  "fr-PF": "1 000,00 €",
  "fr-PM": "1 000,00 €",
  "fr-RE": "1 000,00 €",
  "fr-RW": "1 000,00 €",
  "fr-SC": "1 000,00 €",
  "fr-SN": "1 000,00 €",
  "fr-SY": "1 000,00 €",
  "fr-TD": "1 000,00 €",
  "fr-TG": "1 000,00 €",
  "fr-TN": "1 000,00 €",
  "fr-VU": "1 000,00 €",
  "fr-WF": "1 000,00 €",
  "fr-YT": "1 000,00 €",
  "fur": "€ 1.000,00",
  "fur-IT": "€ 1.000,00",
  "fy": "€ 1.000,00",
  "fy-NL": "€ 1.000,00",
  "ga": "€1,000.00",
  "ga-IE": "€1,000.00",
  "gd": "€1,000.00",
  "gd-GB": "€1,000.00",
  "gl": "1.000,00 €",
  "gl-ES": "1.000,00 €",
  "gsw": "1’000.00 €",
  "gsw-CH": "1’000.00 €",
  "gsw-FR": "1’000.00 €",
  "gsw-LI": "1’000.00 €",
  "gu": "€1,000.00",
  "gu-IN": "€1,000.00",
  "guz": "€1,000.00",
  "guz-KE": "€1,000.00",
  "gv": "€1,000.00",
  "gv-IM": "€1,000.00",
  "ha": "€ 1,000.00",
  "ha-Arab": "€ 1,000.00",
  "ha-GH": "€ 1,000.00",
  "ha-NE": "€ 1,000.00",
  "ha-NG": "€ 1,000.00",
  "haw": "€1,000.00",
  "haw-US": "€1,000.00",
  "he": "1,000.00 €",
  "he-IL": "1,000.00 €",
  "hi": "€1,000.00",
  "hi-IN": "€1,000.00",
  "hr": "1.000,00 EUR",
  "hr-BA": "1.000,00 EUR",
  "hr-HR": "1.000,00 EUR",
  "hsb": "1.000,00 €",
  "hsb-DE": "1.000,00 €",
  "hu": "1 000,00 EUR",
  "hu-HU": "1 000,00 EUR",
  "hy": "€ 1.000,00",
  "hy-AM": "€ 1.000,00",
  "id": "€1.000,00",
  "id-ID": "€1.000,00",
  "ig": "€1,000.00",
  "ig-NG": "€1,000.00",
  "ii": "€ 1,000.00",
  "ii-CN": "€ 1,000.00",
  "is": "1.000,00 EUR",
  "is-IS": "1.000,00 EUR",
  "it": "1.000,00 €",
  "it-CH": "€ 1'000.00",
  "it-IT": "1.000,00 €",
  "it-SM": "1.000,00 €",
  "iu-Latn": "€ 1,000.00",
  "ja": "€1,000.00",
  "ja-JP": "€1,000.00",
  "jgo": "€ 1.000,00",
  "jgo-CM": "€ 1.000,00",
  "jmc": "€1,000.00",
  "jmc-TZ": "€1,000.00",
  "ka": "1 000,00 €",
  "ka-GE": "1 000,00 €",
  "kab": "1 000,00€",
  "kab-DZ": "1 000,00€",
  "kam": "€1,000.00",
  "kam-KE": "€1,000.00",
  "kde": "€1,000.00",
  "kde-TZ": "€1,000.00",
  "kea": "1 000,00 €",
  "kea-CV": "1 000,00 €",
  "khq": "1 000.00€",
  "khq-ML": "1 000.00€",
  "ki": "€1,000.00",
  "ki-KE": "€1,000.00",
  "kk": "1 000,00 €",
  "kk-KZ": "1 000,00 €",
  "kkj": "€ 1.000,00",
  "kkj-CM": "€ 1.000,00",
  "kl": "€1.000,00",
  "kl-GL": "€1.000,00",
  "kln": "€1,000.00",
  "kln-KE": "€1,000.00",
  "km": "€1.000,00",
  "km-KH": "€1.000,00",
  "kn": "€1,000.00",
  "kn-IN": "€1,000.00",
  "ko": "€1,000.00",
  "ko-KP": "€1,000.00",
  "ko-KR": "€1,000.00",
  "kok": "€ 1,000.00",
  "kok-IN": "€ 1,000.00",
  "ks": "€ 1,000.00",
  "ks-IN": "€ 1,000.00",
  "ksb": "1,000.00€",
  "ksb-TZ": "1,000.00€",
  "ksf": "1 000,00 €",
  "ksf-CM": "1 000,00 €",
  "ksh": "1 000,00 €",
  "ksh-DE": "1 000,00 €",
  "kw": "€1,000.00",
  "kw-GB": "€1,000.00",
  "ky": "1 000,00 €",
  "ky-KG": "1 000,00 €",
  "lag": "€ 1,000.00",
  "lag-TZ": "€ 1,000.00",
  "lb": "1.000,00 €",
  "lb-LU": "1.000,00 €",
  "lg": "1,000.00€",
  "lg-UG": "1,000.00€",
  "lkt": "€ 1,000.00",
  "lkt-US": "€ 1,000.00",
  "ln": "1.000,00 €",
  "ln-AO": "1.000,00 €",
  "ln-CD": "1.000,00 €",
  "ln-CF": "1.000,00 €",
  "ln-CG": "1.000,00 €",
  "lo": "€1.000,00",
  "lo-LA": "€1.000,00",
  "lrc": "€ 1,000.00",
  "lrc-IQ": "€ 1,000.00",
  "lrc-IR": "€ 1,000.00",
  "lt": "1 000,00 €",
  "lt-LT": "1 000,00 €",
  "lu": "1.000,00€",
  "lu-CD": "1.000,00€",
  "luo": "1,000.00€",
  "luo-KE": "1,000.00€",
  "luy": "€1,000.00",
  "luy-KE": "€1,000.00",
  "lv": "1 000,00 €",
  "lv-LV": "1 000,00 €",
  "mas": "€1,000.00",
  "mas-KE": "€1,000.00",
  "mas-TZ": "€1,000.00",
  "mer": "€1,000.00",
  "mer-KE": "€1,000.00",
  "mfe": "€ 1 000.00",
  "mfe-MU": "€ 1 000.00",
  "mg": "€1,000.00",
  "mg-MG": "€1,000.00",
  "mgh": "€ 1.000,00",
  "mgh-MZ": "€ 1.000,00",
  "mgo": "€ 1,000.00",
  "mgo-CM": "€ 1,000.00",
  "mk": "€ 1.000,00",
  "mk-MK": "€ 1.000,00",
  "ml": "€1,000.00",
  "ml-IN": "€1,000.00",
  "mn": "€ 1,000.00",
  "mn-MN": "€ 1,000.00",
  "mn-Mong": "€ 1,000.00",
  "mr": "€1,000.00",
  "mr-IN": "€1,000.00",
  "ms": "€1,000.00",
  "ms-Arab": "€ 1,000.00",
  "ms-BN": "€ 1.000,00",
  "ms-MY": "€1,000.00",
  "ms-SG": "€1,000.00",
  "mt": "€1,000.00",
  "mt-MT": "€1,000.00",
  "mua": "€1.000,00",
  "mua-CM": "€1.000,00",
  "my": "€ 1,000.00",
  "my-MM": "€ 1,000.00",
  "mzn": "€ 1,000.00",
  "mzn-IR": "€ 1,000.00",
  "naq": "€1,000.00",
  "naq-NA": "€1,000.00",
  "nb": "€ 1 000,00",
  "nb-NO": "€ 1 000,00",
  "nb-SJ": "€ 1 000,00",
  "nd": "€1,000.00",
  "nd-ZW": "€1,000.00",
  "ne": "€ 1,000.00",
  "ne-IN": "€ 1,000.00",
  "ne-NP": "€ 1,000.00",
  "nl": "€ 1.000,00",
  "nl-AW": "€ 1.000,00",
  "nl-BE": "1.000,00 €",
  "nl-BQ": "€ 1.000,00",
  "nl-CW": "€ 1.000,00",
  "nl-NL": "€ 1.000,00",
  "nl-SR": "€ 1.000,00",
  "nl-SX": "€ 1.000,00",
  "nmg": "1 000,00 €",
  "nmg-CM": "1 000,00 €",
  "nn": "1 000,00 €",
  "nn-NO": "1 000,00 €",
  "nnh": "€ 1.000,00",
  "nnh-CM": "€ 1.000,00",
  "nus": "€1,000.00",
  "nus-SS": "€1,000.00",
  "nyn": "€1,000.00",
  "nyn-UG": "€1,000.00",
  "om": "€1,000.00",
  "om-ET": "€1,000.00",
  "om-KE": "€1,000.00",
  "or": "€ 1,000.00",
  "or-IN": "€ 1,000.00",
  "os": "€ 1 000,00",
  "os-GE": "€ 1 000,00",
  "os-RU": "€ 1 000,00",
  "pa": "€ 1,000.00",
  "pa-Arab": "€ 1,000.00",
  "pa-Arab-PK": "€ 1,000.00",
  "pa-Guru": "€ 1,000.00",
  "pa-Guru-IN": "€ 1,000.00",
  "pl": "1 000,00 €",
  "pl-PL": "1 000,00 €",
  "prg": "€ 1,000.00",
  "prg-001": "€ 1,000.00",
  "ps": "1.000,00 €",
  "ps-AF": "1.000,00 €",
  "pt": "€1.000,00",
  "pt-AO": "1 000,00 €",
  "pt-BR": "€1.000,00",
  "pt-CH": "1 000,00 €",
  "pt-CV": "1 000,00 €",
  "pt-GQ": "1 000,00 €",
  "pt-GW": "1 000,00 €",
  "pt-LU": "1 000,00 €",
  "pt-MO": "1 000,00 €",
  "pt-MZ": "1 000,00 €",
  "pt-PT": "1 000,00 €",
  "pt-ST": "1 000,00 €",
  "pt-TL": "1 000,00 €",
  "qu": "€ 1,000.00",
  "qu-BO": "€ 1.000,00",
  "qu-EC": "€ 1,000.00",
  "qu-PE": "€ 1,000.00",
  "rm": "1’000.00 €",
  "rm-CH": "1’000.00 €",
  "rn": "1.000,00€",
  "rn-BI": "1.000,00€",
  "ro": "1.000,00 EUR",
  "ro-MD": "1.000,00 EUR",
  "ro-RO": "1.000,00 EUR",
  "rof": "€1,000.00",
  "rof-TZ": "€1,000.00",
  "root": "€ 1,000.00",
  "ru": "1 000,00 €",
  "ru-BY": "1 000,00 €",
  "ru-KG": "1 000,00 €",
  "ru-KZ": "1 000,00 €",
  "ru-MD": "1 000,00 €",
  "ru-RU": "1 000,00 €",
  "ru-UA": "1 000,00 €",
  "rw": "€ 1.000,00",
  "rw-RW": "€ 1.000,00",
  "rwk": "1,000.00€",
  "rwk-TZ": "1,000.00€",
  "sah": "€ 1,000.00",
  "sah-RU": "€ 1,000.00",
  "saq": "€1,000.00",
  "saq-KE": "€1,000.00",
  "sbp": "1,000.00€",
  "sbp-TZ": "1,000.00€",
  "se": "1 000,00 €",
  "se-FI": "1 000,00 €",
  "se-NO": "1 000,00 €",
  "se-SE": "1 000,00 €",
  "seh": "1.000,00€",
  "seh-MZ": "1.000,00€",
  "ses": "1 000.00€",
  "ses-ML": "1 000.00€",
  "sg": "€1.000,00",
  "sg-CF": "€1.000,00",
  "shi": "1 000,00€",
  "shi-Latn": "1 000,00€",
  "shi-Latn-MA": "1 000,00€",
  "shi-Tfng": "1 000,00€",
  "shi-Tfng-MA": "1 000,00€",
  "si": "€1,000.00",
  "si-LK": "€1,000.00",
  "sk": "1 000,00 €",
  "sk-SK": "1 000,00 €",
  "sl": "1.000,00 €",
  "sl-SI": "1.000,00 €",
  "smn": "€ 1,000.00",
  "smn-FI": "€ 1,000.00",
  "sn": "€1,000.00",
  "sn-ZW": "€1,000.00",
  "so": "€1,000.00",
  "so-DJ": "€1,000.00",
  "so-ET": "€1,000.00",
  "so-KE": "€1,000.00",
  "so-SO": "€1,000.00",
  "sq": "1 000,00 €",
  "sq-AL": "1 000,00 €",
  "sq-MK": "1 000,00 €",
  "sq-XK": "1 000,00 €",
  "sr": "1.000,00 €",
  "sr-Cyrl": "1.000,00 €",
  "sr-Cyrl-BA": "1.000,00 €",
  "sr-Cyrl-ME": "1.000,00 €",
  "sr-Cyrl-RS": "1.000,00 €",
  "sr-Cyrl-XK": "1.000,00 €",
  "sr-Latn": "1.000,00 €",
  "sr-Latn-BA": "1.000,00 €",
  "sr-Latn-ME": "1.000,00 €",
  "sr-Latn-RS": "1.000,00 €",
  "sr-Latn-XK": "1.000,00 €",
  "sv": "1 000,00 €",
  "sv-AX": "1 000,00 €",
  "sv-FI": "1 000,00 €",
  "sv-SE": "1 000,00 €",
  "sw": "€1,000.00",
  "sw-CD": "€1.000,00",
  "sw-KE": "€1,000.00",
  "sw-TZ": "€1,000.00",
  "sw-UG": "€1,000.00",
  "ta": "€ 1,000.00",
  "ta-IN": "€ 1,000.00",
  "ta-LK": "€ 1,000.00",
  "ta-MY": "€ 1,000.00",
  "ta-SG": "€ 1,000.00",
  "te": "€1,000.00",
  "te-IN": "€1,000.00",
  "teo": "€1,000.00",
  "teo-KE": "€1,000.00",
  "teo-UG": "€1,000.00",
  "th": "€1,000.00",
  "th-TH": "€1,000.00",
  "ti": "€1,000.00",
  "ti-ER": "€1,000.00",
  "ti-ET": "€1,000.00",
  "tk": "1 000,00 EUR",
  "tk-TM": "1 000,00 EUR",
  "to": "€ 1,000.00",
  "to-TO": "€ 1,000.00",
  "tr": "1.000,00 €",
  "tr-CY": "1.000,00 €",
  "tr-TR": "1.000,00 €",
  "twq": "1 000.00€",
  "twq-NE": "1 000.00€",
  "tzm": "1 000,00 €",
  "tzm-MA": "1 000,00 €",
  "ug": "€1,000.00",
  "ug-CN": "€1,000.00",
  "uk": "1 000,00 EUR",
  "uk-UA": "1 000,00 EUR",
  "ur": "€ 1,000.00",
  "ur-IN": "€ 1,000.00",
  "ur-PK": "€ 1,000.00",
  "uz": "1 000,00 €",
  "uz-Arab": "€ 1.000,00",
  "uz-Arab-AF": "€ 1.000,00",
  "uz-Cyrl": "€ 1 000,00",
  "uz-Cyrl-UZ": "€ 1 000,00",
  "uz-Latn": "1 000,00 €",
  "uz-Latn-UZ": "1 000,00 €",
  "vai": "€1,000.00",
  "vai-Latn": "€1,000.00",
  "vai-Latn-LR": "€1,000.00",
  "vai-Vaii": "€1,000.00",
  "vai-Vaii-LR": "€1,000.00",
  "vi": "€ 1.000,00",
  "vi-VN": "€ 1.000,00",
  "vo": "€ 1,000.00",
  "vo-001": "€ 1,000.00",
  "vun": "€1,000.00",
  "vun-TZ": "€1,000.00",
  "wae": "€ 1’000,00",
  "wae-CH": "€ 1’000,00",
  "xog": "1,000.00 €",
  "xog-UG": "1,000.00 €",
  "yav": "1 000,00 €",
  "yav-CM": "1 000,00 €",
  "yi": "€ 1,000.00",
  "yi-001": "€ 1,000.00",
  "yo": "€1,000.00",
  "yo-BJ": "€1,000.00",
  "yo-NG": "€1,000.00",
  "yue": "€1,000.00",
  "yue-HK": "€1,000.00",
  "yue-Hans": "€ 1,000.00",
  "zgh": "1 000,00€",
  "zgh-MA": "1 000,00€",
  "zh": "€1,000.00",
  "zh-Hans": "€1,000.00",
  "zh-Hans-CN": "€1,000.00",
  "zh-Hans-HK": "€1,000.00",
  "zh-Hans-MO": "€1,000.00",
  "zh-Hans-SG": "€1,000.00",
  "zh-Hant": "€1,000.00",
  "zh-Hant-HK": "€1,000.00",
  "zh-Hant-MO": "€1,000.00",
  "zh-Hant-TW": "€1,000.00",
  "zu": "€1,000.00",
  "zu-ZA": "€1,000.00",
}
`;

exports[`formatMoney 1000 JPY 1`] = `
Object {
  "af": "JP¥1 000",
  "af-NA": "JP¥1 000",
  "af-ZA": "JP¥1 000",
  "agq": "1 000JP¥",
  "agq-CM": "1 000JP¥",
  "ak": "JP¥1,000",
  "ak-GH": "JP¥1,000",
  "am": "JP¥1,000",
  "am-ET": "JP¥1,000",
  "ar": "JP¥ 1,000",
  "ar-001": "JP¥ 1,000",
  "ar-AE": "JP¥ 1,000",
  "ar-BH": "JP¥ 1,000",
  "ar-DJ": "JP¥ 1,000",
  "ar-DZ": "JP¥ 1.000",
  "ar-EG": "JP¥ 1,000",
  "ar-EH": "JP¥ 1,000",
  "ar-ER": "JP¥ 1,000",
  "ar-IL": "JP¥ 1,000",
  "ar-IQ": "JP¥ 1,000",
  "ar-JO": "JP¥ 1,000",
  "ar-KM": "JP¥ 1,000",
  "ar-KW": "JP¥ 1,000",
  "ar-LB": "JP¥ 1.000",
  "ar-LY": "JP¥ 1.000",
  "ar-MA": "JP¥ 1.000",
  "ar-MR": "JP¥ 1.000",
  "ar-OM": "JP¥ 1,000",
  "ar-PS": "JP¥ 1,000",
  "ar-QA": "JP¥ 1,000",
  "ar-SA": "JP¥ 1,000",
  "ar-SD": "JP¥ 1,000",
  "ar-SO": "JP¥ 1,000",
  "ar-SS": "JP¥ 1,000",
  "ar-SY": "JP¥ 1,000",
  "ar-TD": "JP¥ 1,000",
  "ar-TN": "JP¥ 1.000",
  "ar-YE": "JP¥ 1,000",
  "as": "JP¥ 1,000",
  "as-IN": "JP¥ 1,000",
  "asa": "1,000 JP¥",
  "asa-TZ": "1,000 JP¥",
  "ast": "1.000 ¥",
  "ast-ES": "1.000 ¥",
  "az": "JP¥ 1.000",
  "az-Arab": "JP¥ 1,000",
  "az-Cyrl": "JP¥ 1.000",
  "az-Cyrl-AZ": "JP¥ 1.000",
  "az-Latn": "JP¥ 1.000",
  "az-Latn-AZ": "JP¥ 1.000",
  "bas": "1 000 JP¥",
  "bas-CM": "1 000 JP¥",
  "be": "1 000 ¥",
  "be-BY": "1 000 ¥",
  "bem": "JP¥1,000",
  "bem-ZM": "JP¥1,000",
  "bez": "1,000JP¥",
  "bez-TZ": "1,000JP¥",
  "bg": "1 000 JPY",
  "bg-BG": "1 000 JPY",
  "bm": "JP¥1,000",
  "bm-ML": "JP¥1,000",
  "bm-Nkoo": "JP¥ 1,000",
  "bn": "1,000JP¥",
  "bn-BD": "1,000JP¥",
  "bn-IN": "1,000JP¥",
  "bo": "JP¥ 1,000",
  "bo-CN": "JP¥ 1,000",
  "bo-IN": "JP¥ 1,000",
  "br": "1 000 JPY",
  "br-FR": "1 000 JPY",
  "brx": "JP¥ 1,000",
  "brx-IN": "JP¥ 1,000",
  "bs": "1.000 ¥",
  "bs-Cyrl": "1.000 ¥",
  "bs-Cyrl-BA": "1.000 ¥",
  "bs-Latn": "1.000 ¥",
  "bs-Latn-BA": "1.000 ¥",
  "ca": "1.000 JP¥",
  "ca-AD": "1.000 JP¥",
  "ca-ES": "1.000 JP¥",
  "ca-ES-VALENCIA": "1.000 JP¥",
  "ca-FR": "1.000 JP¥",
  "ca-IT": "1.000 JP¥",
  "ce": "1,000 JP¥",
  "ce-RU": "1,000 JP¥",
  "cgg": "JP¥1,000",
  "cgg-UG": "JP¥1,000",
  "chr": "JP¥1,000",
  "chr-US": "JP¥1,000",
  "ckb": "JP¥ 1,000",
  "ckb-IQ": "JP¥ 1,000",
  "ckb-IR": "JP¥ 1,000",
  "cs": "1 000 JP¥",
  "cs-CZ": "1 000 JP¥",
  "cu": "JP¥ 1,000",
  "cu-RU": "JP¥ 1,000",
  "cy": "JP¥1,000",
  "cy-GB": "JP¥1,000",
  "da": "1.000 JP¥",
  "da-DK": "1.000 JP¥",
  "da-GL": "1.000 JP¥",
  "dav": "JP¥1,000",
  "dav-KE": "JP¥1,000",
  "de": "1.000 ¥",
  "de-AT": "¥ 1 000",
  "de-BE": "1.000 ¥",
  "de-CH": "¥ 1'000",
  "de-DE": "1.000 ¥",
  "de-LI": "¥ 1'000",
  "de-LU": "1.000 ¥",
  "dje": "1 000JP¥",
  "dje-NE": "1 000JP¥",
  "dsb": "1.000 ¥",
  "dsb-DE": "1.000 ¥",
  "dua": "1 000 JP¥",
  "dua-CM": "1 000 JP¥",
  "dyo": "1 000 JP¥",
  "dyo-SN": "1 000 JP¥",
  "dz": "JP¥1,000",
  "dz-BT": "JP¥1,000",
  "ebu": "JP¥1,000",
  "ebu-KE": "JP¥1,000",
  "ee": "JP¥1,000",
  "ee-GH": "JP¥1,000",
  "ee-TG": "JP¥1,000",
  "el": "1.000 JP¥",
  "el-CY": "1.000 JP¥",
  "el-GR": "1.000 JP¥",
  "en": "¥1,000",
  "en-001": "JP¥1,000",
  "en-150": "1.000 JP¥",
  "en-AG": "JP¥1,000",
  "en-AI": "JP¥1,000",
  "en-AS": "¥1,000",
  "en-AT": "JP¥ 1.000",
  "en-AU": "JPY1,000",
  "en-BB": "JP¥1,000",
  "en-BE": "1.000 JP¥",
  "en-BI": "¥1,000",
  "en-BM": "JP¥1,000",
  "en-BS": "JP¥1,000",
  "en-BW": "JP¥1,000",
  "en-BZ": "JP¥1,000",
  "en-CA": "JP¥1,000",
  "en-CC": "JP¥1,000",
  "en-CH": "JP¥ 1.000",
  "en-CK": "JP¥1,000",
  "en-CM": "JP¥1,000",
  "en-CX": "JP¥1,000",
  "en-CY": "JP¥1,000",
  "en-DE": "1.000 JP¥",
  "en-DG": "JP¥1,000",
  "en-DK": "1.000 JP¥",
  "en-DM": "JP¥1,000",
  "en-Dsrt": "JP¥ 1,000",
  "en-ER": "JP¥1,000",
  "en-FI": "1 000 JP¥",
  "en-FJ": "JP¥1,000",
  "en-FK": "JP¥1,000",
  "en-FM": "JP¥1,000",
  "en-GB": "JP¥1,000",
  "en-GD": "JP¥1,000",
  "en-GG": "JP¥1,000",
  "en-GH": "JP¥1,000",
  "en-GI": "JP¥1,000",
  "en-GM": "JP¥1,000",
  "en-GU": "¥1,000",
  "en-GY": "JP¥1,000",
  "en-HK": "JP¥1,000",
  "en-IE": "JP¥1,000",
  "en-IL": "JP¥1,000",
  "en-IM": "JP¥1,000",
  "en-IN": "JP¥ 1,000",
  "en-IO": "JP¥1,000",
  "en-JE": "JP¥1,000",
  "en-JM": "JP¥1,000",
  "en-KE": "JP¥1,000",
  "en-KI": "JP¥1,000",
  "en-KN": "JP¥1,000",
  "en-KY": "JP¥1,000",
  "en-LC": "JP¥1,000",
  "en-LR": "JP¥1,000",
  "en-LS": "JP¥1,000",
  "en-MG": "JP¥1,000",
  "en-MH": "¥1,000",
  "en-MO": "JP¥1,000",
  "en-MP": "¥1,000",
  "en-MS": "JP¥1,000",
  "en-MT": "JP¥1,000",
  "en-MU": "JP¥1,000",
  "en-MW": "JP¥1,000",
  "en-MY": "JP¥1,000",
  "en-NA": "JP¥1,000",
  "en-NF": "JP¥1,000",
  "en-NG": "JP¥1,000",
  "en-NL": "JP¥ 1.000",
  "en-NR": "JP¥1,000",
  "en-NU": "JP¥1,000",
  "en-NZ": "JP¥1,000",
  "en-PG": "JP¥1,000",
  "en-PH": "JP¥1,000",
  "en-PK": "JP¥1,000",
  "en-PN": "JP¥1,000",
  "en-PR": "¥1,000",
  "en-PW": "JP¥1,000",
  "en-RW": "JP¥1,000",
  "en-SB": "JP¥1,000",
  "en-SC": "JP¥1,000",
  "en-SD": "JP¥1,000",
  "en-SE": "1 000 JP¥",
  "en-SG": "JP¥1,000",
  "en-SH": "JP¥1,000",
  "en-SI": "1.000 JP¥",
  "en-SL": "JP¥1,000",
  "en-SS": "JP¥1,000",
  "en-SX": "JP¥1,000",
  "en-SZ": "JP¥1,000",
  "en-Shaw": "JP¥ 1,000",
  "en-TC": "JP¥1,000",
  "en-TK": "JP¥1,000",
  "en-TO": "JP¥1,000",
  "en-TT": "JP¥1,000",
  "en-TV": "JP¥1,000",
  "en-TZ": "JP¥1,000",
  "en-UG": "JP¥1,000",
  "en-UM": "¥1,000",
  "en-US": "¥1,000",
  "en-VC": "JP¥1,000",
  "en-VG": "JP¥1,000",
  "en-VI": "¥1,000",
  "en-VU": "JP¥1,000",
  "en-WS": "JP¥1,000",
  "en-ZA": "JP¥1 000",
  "en-ZM": "JP¥1,000",
  "en-ZW": "JP¥1,000",
  "eo": "JP¥ 1 000",
  "eo-001": "JP¥ 1 000",
  "es": "1.000 JPY",
  "es-419": "JPY1,000",
  "es-AR": "JPY 1.000",
  "es-BO": "JPY1.000",
  "es-BR": "JPY1,000",
  "es-CL": "JPY1.000",
  "es-CO": "JPY 1.000",
  "es-CR": "JPY1 000",
  "es-CU": "JPY1,000",
  "es-DO": "JPY1,000",
  "es-EA": "1.000 JPY",
  "es-EC": "JPY1.000",
  "es-ES": "1.000 JPY",
  "es-GQ": "JPY1.000",
  "es-GT": "JPY1,000",
  "es-HN": "JPY1,000",
  "es-IC": "1.000 JPY",
  "es-MX": "JPY1,000",
  "es-NI": "JPY1,000",
  "es-PA": "JPY1,000",
  "es-PE": "JPY1,000",
  "es-PH": "1.000 JPY",
  "es-PR": "JPY1,000",
  "es-PY": "JPY 1.000",
  "es-SV": "JPY1,000",
  "es-US": "¥1,000",
  "es-UY": "JPY 1.000",
  "es-VE": "JPY1.000",
  "et": "1 000 ¥",
  "et-EE": "1 000 ¥",
  "eu": "1.000 JP¥",
  "eu-ES": "1.000 JP¥",
  "ewo": "1 000 JP¥",
  "ewo-CM": "1 000 JP¥",
  "fa": "‎¥1,000",
  "fa-AF": "‎¥1,000",
  "fa-IR": "‎¥1,000",
  "ff": "1 000 JP¥",
  "ff-CM": "1 000 JP¥",
  "ff-GN": "1 000 JP¥",
  "ff-MR": "1 000 JP¥",
  "ff-SN": "1 000 JP¥",
  "fi": "1 000 ¥",
  "fi-FI": "1 000 ¥",
  "fil": "¥1,000",
  "fil-PH": "¥1,000",
  "fo": "1.000 JP¥",
  "fo-DK": "1.000 JP¥",
  "fo-FO": "1.000 JP¥",
  "fr": "1 000 JPY",
  "fr-BE": "1.000 JPY",
  "fr-BF": "1 000 JPY",
  "fr-BI": "1 000 JPY",
  "fr-BJ": "1 000 JPY",
  "fr-BL": "1 000 JPY",
  "fr-CA": "1 000 ¥",
  "fr-CD": "1 000 JPY",
  "fr-CF": "1 000 JPY",
  "fr-CG": "1 000 JPY",
  "fr-CH": "JPY 1 000",
  "fr-CI": "1 000 JPY",
  "fr-CM": "1 000 JPY",
  "fr-DJ": "1 000 JPY",
  "fr-DZ": "1 000 JPY",
  "fr-FR": "1 000 JPY",
  "fr-GA": "1 000 JPY",
  "fr-GF": "1 000 JPY",
  "fr-GN": "1 000 JPY",
  "fr-GP": "1 000 JPY",
  "fr-GQ": "1 000 JPY",
  "fr-HT": "1 000 JPY",
  "fr-KM": "1 000 JPY",
  "fr-LU": "1.000 JPY",
  "fr-MA": "1.000 JPY",
  "fr-MC": "1 000 JPY",
  "fr-MF": "1 000 JPY",
  "fr-MG": "1 000 JPY",
  "fr-ML": "1 000 JPY",
  "fr-MQ": "1 000 JPY",
  "fr-MR": "1 000 JPY",
  "fr-MU": "1 000 JPY",
  "fr-NC": "1 000 JPY",
  "fr-NE": "1 000 JPY",
  "fr-PF": "1 000 JPY",
  "fr-PM": "1 000 JPY",
  "fr-RE": "1 000 JPY",
  "fr-RW": "1 000 JPY",
  "fr-SC": "1 000 JPY",
  "fr-SN": "1 000 JPY",
  "fr-SY": "1 000 JPY",
  "fr-TD": "1 000 JPY",
  "fr-TG": "1 000 JPY",
  "fr-TN": "1 000 JPY",
  "fr-VU": "1 000 JPY",
  "fr-WF": "1 000 JPY",
  "fr-YT": "1 000 JPY",
  "fur": "JP¥ 1.000",
  "fur-IT": "JP¥ 1.000",
  "fy": "JP¥ 1.000",
  "fy-NL": "JP¥ 1.000",
  "ga": "¥1,000",
  "ga-IE": "¥1,000",
  "gd": "JP¥1,000",
  "gd-GB": "JP¥1,000",
  "gl": "1.000 ¥JP",
  "gl-ES": "1.000 ¥JP",
  "gsw": "1’000 ¥",
  "gsw-CH": "1’000 ¥",
  "gsw-FR": "1’000 ¥",
  "gsw-LI": "1’000 ¥",
  "gu": "JP¥1,000",
  "gu-IN": "JP¥1,000",
  "guz": "JP¥1,000",
  "guz-KE": "JP¥1,000",
  "gv": "JP¥1,000",
  "gv-IM": "JP¥1,000",
  "ha": "JP¥ 1,000",
  "ha-Arab": "JP¥ 1,000",
  "ha-GH": "JP¥ 1,000",
  "ha-NE": "JP¥ 1,000",
  "ha-NG": "JP¥ 1,000",
  "haw": "JP¥1,000",
  "haw-US": "JP¥1,000",
  "he": "1,000 JP¥",
  "he-IL": "1,000 JP¥",
  "hi": "JP¥1,000",
  "hi-IN": "JP¥1,000",
  "hr": "1.000 JPY",
  "hr-BA": "1.000 JPY",
  "hr-HR": "1.000 JPY",
  "hsb": "1.000 ¥",
  "hsb-DE": "1.000 ¥",
  "hu": "1 000 ¥",
  "hu-HU": "1 000 ¥",
  "hy": "JP¥ 1.000",
  "hy-AM": "JP¥ 1.000",
  "id": "JP¥1.000",
  "id-ID": "JP¥1.000",
  "ig": "JP¥1,000",
  "ig-NG": "JP¥1,000",
  "ii": "JP¥ 1,000",
  "ii-CN": "JP¥ 1,000",
  "is": "1.000 JP¥",
  "is-IS": "1.000 JP¥",
  "it": "1.000 JPY",
  "it-CH": "JPY 1'000",
  "it-IT": "1.000 JPY",
  "it-SM": "1.000 JPY",
  "iu-Latn": "JP¥ 1,000",
  "ja": "￥1,000",
  "ja-JP": "￥1,000",
  "jgo": "JP¥ 1.000",
  "jgo-CM": "JP¥ 1.000",
  "jmc": "JP¥1,000",
  "jmc-TZ": "JP¥1,000",
  "ka": "1 000 JPY",
  "ka-GE": "1 000 JPY",
  "kab": "1 000JP¥",
  "kab-DZ": "1 000JP¥",
  "kam": "JP¥1,000",
  "kam-KE": "JP¥1,000",
  "kde": "JP¥1,000",
  "kde-TZ": "JP¥1,000",
  "kea": "1 000 JP¥",
  "kea-CV": "1 000 JP¥",
  "khq": "1 000JP¥",
  "khq-ML": "1 000JP¥",
  "ki": "JP¥1,000",
  "ki-KE": "JP¥1,000",
  "kk": "1 000 JP¥",
  "kk-KZ": "1 000 JP¥",
  "kkj": "JP¥ 1.000",
  "kkj-CM": "JP¥ 1.000",
  "kl": "JP¥1.000",
  "kl-GL": "JP¥1.000",
  "kln": "JP¥1,000",
  "kln-KE": "JP¥1,000",
  "km": "JP¥1.000",
  "km-KH": "JP¥1.000",
  "kn": "JP¥1,000",
  "kn-IN": "JP¥1,000",
  "ko": "JP¥1,000",
  "ko-KP": "JP¥1,000",
  "ko-KR": "JP¥1,000",
  "kok": "JP¥ 1,000",
  "kok-IN": "JP¥ 1,000",
  "ks": "JP¥ 1,000",
  "ks-IN": "JP¥ 1,000",
  "ksb": "1,000JP¥",
  "ksb-TZ": "1,000JP¥",
  "ksf": "1 000 JP¥",
  "ksf-CM": "1 000 JP¥",
  "ksh": "1 000 JP¥",
  "ksh-DE": "1 000 JP¥",
  "kw": "JP¥1,000",
  "kw-GB": "JP¥1,000",
  "ky": "1 000 JP¥",
  "ky-KG": "1 000 JP¥",
  "lag": "JP¥ 1,000",
  "lag-TZ": "JP¥ 1,000",
  "lb": "1.000 ¥",
  "lb-LU": "1.000 ¥",
  "lg": "1,000JP¥",
  "lg-UG": "1,000JP¥",
  "lkt": "JP¥ 1,000",
  "lkt-US": "JP¥ 1,000",
  "ln": "1.000 JP¥",
  "ln-AO": "1.000 JP¥",
  "ln-CD": "1.000 JP¥",
  "ln-CF": "1.000 JP¥",
  "ln-CG": "1.000 JP¥",
  "lo": "JP¥1.000",
  "lo-LA": "JP¥1.000",
  "lrc": "JP¥ 1,000",
  "lrc-IQ": "JP¥ 1,000",
  "lrc-IR": "JP¥ 1,000",
  "lt": "1 000 JPY",
  "lt-LT": "1 000 JPY",
  "lu": "1.000JP¥",
  "lu-CD": "1.000JP¥",
  "luo": "1,000JP¥",
  "luo-KE": "1,000JP¥",
  "luy": "JP¥1,000",
  "luy-KE": "JP¥1,000",
  "lv": "1 000 ¥",
  "lv-LV": "1 000 ¥",
  "mas": "JP¥1,000",
  "mas-KE": "JP¥1,000",
  "mas-TZ": "JP¥1,000",
  "mer": "JP¥1,000",
  "mer-KE": "JP¥1,000",
  "mfe": "JP¥ 1 000",
  "mfe-MU": "JP¥ 1 000",
  "mg": "JP¥1,000",
  "mg-MG": "JP¥1,000",
  "mgh": "JP¥ 1.000",
  "mgh-MZ": "JP¥ 1.000",
  "mgo": "JP¥ 1,000",
  "mgo-CM": "JP¥ 1,000",
  "mk": "JPY 1.000",
  "mk-MK": "JPY 1.000",
  "ml": "¥1,000",
  "ml-IN": "¥1,000",
  "mn": "JP¥ 1,000",
  "mn-MN": "JP¥ 1,000",
  "mn-Mong": "JP¥ 1,000",
  "mr": "JP¥1,000",
  "mr-IN": "JP¥1,000",
  "ms": "JP¥1,000",
  "ms-Arab": "JP¥ 1,000",
  "ms-BN": "JP¥ 1.000",
  "ms-MY": "JP¥1,000",
  "ms-SG": "JP¥1,000",
  "mt": "JP¥1,000",
  "mt-MT": "JP¥1,000",
  "mua": "JP¥1.000",
  "mua-CM": "JP¥1.000",
  "my": "JP¥ 1,000",
  "my-MM": "JP¥ 1,000",
  "mzn": "JP¥ 1,000",
  "mzn-IR": "JP¥ 1,000",
  "naq": "JP¥1,000",
  "naq-NA": "JP¥1,000",
  "nb": "JPY 1 000",
  "nb-NO": "JPY 1 000",
  "nb-SJ": "JPY 1 000",
  "nd": "JP¥1,000",
  "nd-ZW": "JP¥1,000",
  "ne": "JP¥ 1,000",
  "ne-IN": "JP¥ 1,000",
  "ne-NP": "JP¥ 1,000",
  "nl": "JP¥ 1.000",
  "nl-AW": "JP¥ 1.000",
  "nl-BE": "1.000 JP¥",
  "nl-BQ": "JP¥ 1.000",
  "nl-CW": "JP¥ 1.000",
  "nl-NL": "JP¥ 1.000",
  "nl-SR": "JP¥ 1.000",
  "nl-SX": "JP¥ 1.000",
  "nmg": "1 000 JP¥",
  "nmg-CM": "1 000 JP¥",
  "nn": "1 000 JP¥",
  "nn-NO": "1 000 JP¥",
  "nnh": "JP¥ 1.000",
  "nnh-CM": "JP¥ 1.000",
  "nus": "JP¥1,000",
  "nus-SS": "JP¥1,000",
  "nyn": "JP¥1,000",
  "nyn-UG": "JP¥1,000",
  "om": "JP¥1,000",
  "om-ET": "JP¥1,000",
  "om-KE": "JP¥1,000",
  "or": "JP¥ 1,000",
  "or-IN": "JP¥ 1,000",
  "os": "JP¥ 1 000",
  "os-GE": "JP¥ 1 000",
  "os-RU": "JP¥ 1 000",
  "pa": "JP¥ 1,000",
  "pa-Arab": "JP¥ 1,000",
  "pa-Arab-PK": "JP¥ 1,000",
  "pa-Guru": "JP¥ 1,000",
  "pa-Guru-IN": "JP¥ 1,000",
  "pl": "1 000 JPY",
  "pl-PL": "1 000 JPY",
  "prg": "JP¥ 1,000",
  "prg-001": "JP¥ 1,000",
  "ps": "1.000 JP¥",
  "ps-AF": "1.000 JP¥",
  "pt": "JP¥1.000",
  "pt-AO": "1 000 JP¥",
  "pt-BR": "JP¥1.000",
  "pt-CH": "1 000 JP¥",
  "pt-CV": "1 000 JP¥",
  "pt-GQ": "1 000 JP¥",
  "pt-GW": "1 000 JP¥",
  "pt-LU": "1 000 JP¥",
  "pt-MO": "1 000 JP¥",
  "pt-MZ": "1 000 JP¥",
  "pt-PT": "1 000 JP¥",
  "pt-ST": "1 000 JP¥",
  "pt-TL": "1 000 JP¥",
  "qu": "JP¥ 1,000",
  "qu-BO": "JP¥ 1.000",
  "qu-EC": "JP¥ 1,000",
  "qu-PE": "JP¥ 1,000",
  "rm": "1’000 JP¥",
  "rm-CH": "1’000 JP¥",
  "rn": "1.000JP¥",
  "rn-BI": "1.000JP¥",
  "ro": "1.000 JPY",
  "ro-MD": "1.000 JPY",
  "ro-RO": "1.000 JPY",
  "rof": "JP¥1,000",
  "rof-TZ": "JP¥1,000",
  "root": "JP¥ 1,000",
  "ru": "1 000 ¥",
  "ru-BY": "1 000 ¥",
  "ru-KG": "1 000 ¥",
  "ru-KZ": "1 000 ¥",
  "ru-MD": "1 000 ¥",
  "ru-RU": "1 000 ¥",
  "ru-UA": "1 000 ¥",
  "rw": "JP¥ 1.000",
  "rw-RW": "JP¥ 1.000",
  "rwk": "1,000JP¥",
  "rwk-TZ": "1,000JP¥",
  "sah": "JP¥ 1,000",
  "sah-RU": "JP¥ 1,000",
  "saq": "JP¥1,000",
  "saq-KE": "JP¥1,000",
  "sbp": "1,000JP¥",
  "sbp-TZ": "1,000JP¥",
  "se": "1 000 JP¥",
  "se-FI": "1 000 JP¥",
  "se-NO": "1 000 JP¥",
  "se-SE": "1 000 JP¥",
  "seh": "1.000JP¥",
  "seh-MZ": "1.000JP¥",
  "ses": "1 000JP¥",
  "ses-ML": "1 000JP¥",
  "sg": "JP¥1.000",
  "sg-CF": "JP¥1.000",
  "shi": "1 000JP¥",
  "shi-Latn": "1 000JP¥",
  "shi-Latn-MA": "1 000JP¥",
  "shi-Tfng": "1 000JP¥",
  "shi-Tfng-MA": "1 000JP¥",
  "si": "JP¥1,000",
  "si-LK": "JP¥1,000",
  "sk": "1 000 JPY",
  "sk-SK": "1 000 JPY",
  "sl": "1.000 ¥",
  "sl-SI": "1.000 ¥",
  "smn": "JP¥ 1,000",
  "smn-FI": "JP¥ 1,000",
  "sn": "JP¥1,000",
  "sn-ZW": "JP¥1,000",
  "so": "JP¥1,000",
  "so-DJ": "JP¥1,000",
  "so-ET": "JP¥1,000",
  "so-KE": "JP¥1,000",
  "so-SO": "JP¥1,000",
  "sq": "1 000 JP¥",
  "sq-AL": "1 000 JP¥",
  "sq-MK": "1 000 JP¥",
  "sq-XK": "1 000 JP¥",
  "sr": "1.000 ¥",
  "sr-Cyrl": "1.000 ¥",
  "sr-Cyrl-BA": "1.000 ¥",
  "sr-Cyrl-ME": "1.000 ¥",
  "sr-Cyrl-RS": "1.000 ¥",
  "sr-Cyrl-XK": "1.000 ¥",
  "sr-Latn": "1.000 ¥",
  "sr-Latn-BA": "1.000 ¥",
  "sr-Latn-ME": "1.000 ¥",
  "sr-Latn-RS": "1.000 ¥",
  "sr-Latn-XK": "1.000 ¥",
  "sv": "1 000 JPY",
  "sv-AX": "1 000 JPY",
  "sv-FI": "1 000 JPY",
  "sv-SE": "1 000 JPY",
  "sw": "JP¥1,000",
  "sw-CD": "JP¥1.000",
  "sw-KE": "JP¥1,000",
  "sw-TZ": "JP¥1,000",
  "sw-UG": "JP¥1,000",
  "ta": "¥ 1,000",
  "ta-IN": "¥ 1,000",
  "ta-LK": "¥ 1,000",
  "ta-MY": "¥ 1,000",
  "ta-SG": "¥ 1,000",
  "te": "JP¥1,000",
  "te-IN": "JP¥1,000",
  "teo": "JP¥1,000",
  "teo-KE": "JP¥1,000",
  "teo-UG": "JP¥1,000",
  "th": "¥1,000",
  "th-TH": "¥1,000",
  "ti": "JP¥1,000",
  "ti-ER": "JP¥1,000",
  "ti-ET": "JP¥1,000",
  "tk": "1 000 JP¥",
  "tk-TM": "1 000 JP¥",
  "to": "JP¥ 1,000",
  "to-TO": "JP¥ 1,000",
  "tr": "1.000 ¥",
  "tr-CY": "1.000 ¥",
  "tr-TR": "1.000 ¥",
  "twq": "1 000JP¥",
  "twq-NE": "1 000JP¥",
  "tzm": "1 000 JP¥",
  "tzm-MA": "1 000 JP¥",
  "ug": "JP¥1,000",
  "ug-CN": "JP¥1,000",
  "uk": "1 000 ¥",
  "uk-UA": "1 000 ¥",
  "ur": "JP¥ 1,000",
  "ur-IN": "JP¥ 1,000",
  "ur-PK": "JP¥ 1,000",
  "uz": "1 000 JP¥",
  "uz-Arab": "JP¥ 1.000",
  "uz-Arab-AF": "JP¥ 1.000",
  "uz-Cyrl": "JP¥ 1 000",
  "uz-Cyrl-UZ": "JP¥ 1 000",
  "uz-Latn": "1 000 JP¥",
  "uz-Latn-UZ": "1 000 JP¥",
  "vai": "JP¥1,000",
  "vai-Latn": "JP¥1,000",
  "vai-Latn-LR": "JP¥1,000",
  "vai-Vaii": "JP¥1,000",
  "vai-Vaii-LR": "JP¥1,000",
  "vi": "JP¥ 1.000",
  "vi-VN": "JP¥ 1.000",
  "vo": "JP¥ 1,000",
  "vo-001": "JP¥ 1,000",
  "vun": "JP¥1,000",
  "vun-TZ": "JP¥1,000",
  "wae": "¥ 1’000",
  "wae-CH": "¥ 1’000",
  "xog": "1,000 JP¥",
  "xog-UG": "1,000 JP¥",
  "yav": "1 000 JP¥",
  "yav-CM": "1 000 JP¥",
  "yi": "JP¥ 1,000",
  "yi-001": "JP¥ 1,000",
  "yo": "JP¥1,000",
  "yo-BJ": "JP¥1,000",
  "yo-NG": "JP¥1,000",
  "yue": "¥1,000",
  "yue-HK": "¥1,000",
  "yue-Hans": "JP¥ 1,000",
  "zgh": "1 000JP¥",
  "zgh-MA": "1 000JP¥",
  "zh": "JP¥1,000",
  "zh-Hans": "JP¥1,000",
  "zh-Hans-CN": "JP¥1,000",
  "zh-Hans-HK": "JP¥1,000",
  "zh-Hans-MO": "JP¥1,000",
  "zh-Hans-SG": "JP¥1,000",
  "zh-Hant": "¥1,000",
  "zh-Hant-HK": "¥1,000",
  "zh-Hant-MO": "¥1,000",
  "zh-Hant-TW": "¥1,000",
  "zu": "JP¥1,000",
  "zu-ZA": "JP¥1,000",
}
`;
